user: 17 books successfully added.

user: No books by fakeTest.

user: No books by fake multi word gENRE EXTRAVAGANZA!!!.

user: Ending Library process.
