user: No such collection.

user: No books in system.

user: 3 books successfully added.

user: To Kill a Mockingbird (Harper Lee)
To Kill a Mockingbird (Harper Lee)
The Iliad (Homer)

user: Ending Library process.
