user: Success.

user: Success.

user: Success.

user: 17 books successfully added.

user: Success.

user: Success.

user: Book is currently unavailable.

user: Success.

user: Success.

user: Success.

user: Success.

user: Success.

user: Success.

user: Success.

user: Success.

user: Success.

user: Success.

user: Success.

user: The Hobbit (J.R.R. Tolkien)

user: Ending Library process.
