user: No members in system.

user: Success.

user: Success.

user: Member not currently renting.

user: 17 books successfully added.

user: Success.

user: Success.

user: Book is currently unavailable.

user: To Kill a Mockingbird (Harper Lee)

user: Success.

user: Member not currently renting.

user: Book is currently unavailable.

user: Success.

user: Success.

user: Success.

user: Success.

user: The Iliad (Homer)
The Odyssey (Homer)
The Hitchhiker's Guide to the Galaxy (Douglas Adams)
So Long and Thanks for all the Fish (Douglas Adams)

user: Success.

user: Member not currently renting.

user: Ending Library process.
