user: 17 books successfully added.

user: No such book in system.

user: No such book in system.

user: To Kill a Mockingbird (Harper Lee)

user: 111111: To Kill a Mockingbird (Harper Lee, Historical Fiction)
Currently available.

user: 111112: The Hobbit (J.R.R. Tolkien, Fantasy)
Currently available.

user: The Hobbit (J.R.R. Tolkien)

user: Ending Library process.
