user: No members in system.

user: Success.

user: No books in system.

user: Success.

user: No books in system.

user: 17 books successfully added.

user: Duplicate members provided.

user: No common books.

user: No such member in system.

user: Success.

user: No common books.

user: Ending Library process.
