user: 17 books successfully added.

user: No books with genre fakeTest.

user: No books with genre fake multi word gENRE EXTRAVAGANZA!!!.

user: Ending Library process.
