user: No books in system.

user: 17 books successfully added.

user: Aeneid (Virgil)

user: Biggles in the Battle (W.E. Johns)

user: Harry Potter 1 (J.K. Rowling)
Harry Potter 2 (J.K. Rowling)
Harry Potter 3 (J.K. Rowling)
Harry Potter 4 (J.K. Rowling)
Harry Potter 5 (J.K. Rowling)
Harry Potter 6 (J.K. Rowling)

user: Ending Library process.
