user: Successfully added: To Kill a Mockingbird (Harper Lee).

user: No such file.

user: Successfully added: To Kill a Mockingbird (Harper Lee).

user: Successfully added: The Iliad (Homer).

user: No such book in file.

user: To Kill a Mockingbird (Harper Lee)
To Kill a Mockingbird (Harper Lee)
The Iliad (Homer)

user: The Iliad (Homer): 1
To Kill a Mockingbird (Harper Lee): 2

user: Ending Library process.
