user: No books in system.

user: 3 books successfully added.

user: To Kill a Mockingbird (Harper Lee)
To Kill a Mockingbird (Harper Lee)
The Iliad (Homer)

user: Success.

user: Success.

user: To Kill a Mockingbird (Harper Lee)
The Iliad (Homer)

user: Success.

user: The Iliad (Homer)

user: Success.

user: Success.

user: To Kill a Mockingbird (Harper Lee)
To Kill a Mockingbird (Harper Lee)

user: Success.

user: Success.

user: No books available.

user: Ending Library process.
