user: Success.

user: Success.

user: Success.

user: Ending Library process.
