user: No members in system.

user: Success.

user: 100000: poopoo

user: No such member in system.

user: Success.

user: 100001: poo poo pee pee

user: Success.

user: 100002: i am tired

user: Ending Library process.
