user: No books in system.

user: 17 books successfully added.

user: The Hobbit (J.R.R. Tolkien)
Harry Potter 1 (J.K. Rowling)
Harry Potter 2 (J.K. Rowling)
Harry Potter 3 (J.K. Rowling)
Harry Potter 4 (J.K. Rowling)
Harry Potter 5 (J.K. Rowling)
Harry Potter 6 (J.K. Rowling)

user: No books with genre faNtasy.

user: To Kill a Mockingbird (Harper Lee)

user: Ending Library process.
