user: No members in system.

user: Success.

user: 100000: gibbeh

user: Ending Library process.
