user: No members in system.

user: Success.

user: Success.

user: No such member in system.

user: 17 books successfully added.

user: Success.

user: To Kill a Mockingbird (Harper Lee)

user: Success.

user: Member not currently renting.

user: Success.

user: Success.

user: Success.

user: Book is currently unavailable.

user: To Kill a Mockingbird (Harper Lee)
The Hobbit (J.R.R. Tolkien)
The Iliad (Homer)

user: Success.

user: Member not currently renting.

user: Success.

user: Success.

user: Success.

user: Success.

user: Ending Library process.
