user: Success.

user: Success.

user: Success.

user: 100000: fjdio$*W(jkel!!!)A

user: 100001: AAAAAAAAAAAAAAAAA HELP MEEEEEEEEEEEEE

user: 100002: hello helloe hleLOHE HELOELHO LHEOLHELLO?

user: Ending Library process.
