user: No members in system.

user: Success.

user: Success.

user: Success.

user: 100000: mr meeseeks

user: 100001: mr meeseeks

user: 100002: mr meeseeks

user: Ending Library process.
