user: Successfully added: To Kill a Mockingbird (Harper Lee).

user: Successfully added: The Hobbit (J.R.R. Tolkien).

user: Book already exists in system.

user: To Kill a Mockingbird (Harper Lee)
The Hobbit (J.R.R. Tolkien)

user: Ending Library process.
