user: Success.

user: Success.

user: Success.

user: Success.

user: No such member in system.

user: 100001: im sam

user: 100002: and im carly

user: 100003: and this is icarly

user: 100000: gibbeh

user: Ending Library process.
