user: Success.

user: No such member in system.

user: 17 books successfully added.

user: Success.

user: No rental history for member.

user: Success.

user: To Kill a Mockingbird (Harper Lee)

user: Ending Library process.
