user: No members in system.

user: Success.

user: No books in system.

user: 3 books successfully added.

user: To Kill a Mockingbird (Harper Lee)
To Kill a Mockingbird (Harper Lee)
The Iliad (Homer)

user: No such member in system.

user: No such book in system.

user: Unable to return book.

user: Success.

user: 111111: To Kill a Mockingbird (Harper Lee, Historical Fiction)
Rented by: 100000.

111112: To Kill a Mockingbird (Harper Lee, Historical Fiction)
Currently available.

111113: The Iliad (Homer, Poetry)
Currently available.

user: To Kill a Mockingbird (Harper Lee)
The Iliad (Homer)

user: To Kill a Mockingbird (Harper Lee)

user: Success.

user: 111111: To Kill a Mockingbird (Harper Lee, Historical Fiction)
Currently available.

111112: To Kill a Mockingbird (Harper Lee, Historical Fiction)
Currently available.

111113: The Iliad (Homer, Poetry)
Currently available.

user: To Kill a Mockingbird (Harper Lee)
To Kill a Mockingbird (Harper Lee)
The Iliad (Homer)

user: Member not currently renting.

user: To Kill a Mockingbird (Harper Lee)

user: Ending Library process.
