user: Success.

user: No books in system.

user: 3 books successfully added.

user: The Iliad (Homer): 1
To Kill a Mockingbird (Harper Lee): 2

user: Success.

user: The Iliad (Homer): 1
To Kill a Mockingbird (Harper Lee): 2

user: Success.

user: Success.

user: The Iliad (Homer): 1
To Kill a Mockingbird (Harper Lee): 2

user: Success.

user: The Iliad (Homer): 1
To Kill a Mockingbird (Harper Lee): 2

user: Ending Library process.
