user: Success.

user: Success.

user: 17 books successfully added.

user: No such book in system.

user: No rental history.

user: Success.

user: No rental history.

user: Success.

user: 100000

user: Success.

user: Success.

user: 100000
100001

user: Success.

user: 100000
100001

user: Success.

user: 100000
100001
100001

user: Success.

user: Success.

user: 100000
100001
100001
100000

user: Ending Library process.
