user: Success.

user: Success.

user: Success.

user: 17 books successfully added.

user: No rental history for member.

user: Success.

user: No rental history for member.

user: Success.

user: To Kill a Mockingbird (Harper Lee)

user: Unable to return book.

user: To Kill a Mockingbird (Harper Lee)

user: Success.

user: Success.

user: Success.

user: Success.

user: Success.

user: Success.

user: To Kill a Mockingbird (Harper Lee)
To Kill a Mockingbird (Harper Lee)
To Kill a Mockingbird (Harper Lee)
To Kill a Mockingbird (Harper Lee)

user: Success.

user: Success.

user: Success.

user: Success.

user: Success.

user: Success.

user: To Kill a Mockingbird (Harper Lee)
The Hobbit (J.R.R. Tolkien)
The Iliad (Homer)

user: Success.

user: Success.

user: The Iliad (Homer)

user: No such member in system.

user: Ending Library process.
