user: Successfully added: To Kill a Mockingbird (Harper Lee).

user: To Kill a Mockingbird (Harper Lee)

user: 2 books successfully added.

user: To Kill a Mockingbird (Harper Lee)
To Kill a Mockingbird (Harper Lee)
The Iliad (Homer)

user: The Iliad (Homer): 1
To Kill a Mockingbird (Harper Lee): 2

user: Ending Library process.
